../Core/Src/main.c:120:5:main	8	static
../Core/Src/main.c:234:6:SystemClock_Config	88	static
../Core/Src/main.c:280:13:MX_I2C1_Init	8	static
../Core/Src/main.c:314:13:MX_I2C2_Init	8	static
../Core/Src/main.c:348:13:MX_SPI1_Init	8	static
../Core/Src/main.c:386:13:MX_TIM1_Init	96	static
../Core/Src/main.c:473:13:MX_TIM3_Init	48	static
../Core/Src/main.c:543:13:MX_USART2_UART_Init	8	static
../Core/Src/main.c:576:13:MX_USART6_UART_Init	8	static
../Core/Src/main.c:607:13:MX_DMA_Init	16	static
../Core/Src/main.c:634:13:MX_GPIO_Init	48	static
../Core/Src/main.c:657:6:PID_function	16	static
../Core/Src/main.c:675:6:MMA	4	static
../Core/Src/main.c:684:6:Error_Handler	4	static,ignoring_inline_asm
