../Core/Src/main.c:125:5:main	8	static
../Core/Src/main.c:252:6:SystemClock_Config	88	static
../Core/Src/main.c:298:13:MX_I2C1_Init	8	static
../Core/Src/main.c:332:13:MX_I2C2_Init	8	static
../Core/Src/main.c:366:13:MX_SPI1_Init	8	static
../Core/Src/main.c:404:13:MX_TIM1_Init	96	static
../Core/Src/main.c:491:13:MX_TIM3_Init	48	static
../Core/Src/main.c:561:13:MX_USART2_UART_Init	8	static
../Core/Src/main.c:594:13:MX_USART6_UART_Init	8	static
../Core/Src/main.c:625:13:MX_DMA_Init	16	static
../Core/Src/main.c:652:13:MX_GPIO_Init	48	static
../Core/Src/main.c:707:6:Error_Handler	4	static,ignoring_inline_asm
